------------------------------------------------------------
TimeQuest Timing Analyzer Summary
------------------------------------------------------------

Type  : Slow 1100mV 85C Model Setup 'clk'
Slack : -2.362
TNS   : -2.993

Type  : Slow 1100mV 85C Model Hold 'clk'
Slack : 0.221
TNS   : 0.000

Type  : Slow 1100mV 85C Model Minimum Pulse Width 'clk'
Slack : -0.394
TNS   : -4.793

Type  : Slow 1100mV 0C Model Setup 'clk'
Slack : -2.103
TNS   : -2.588

Type  : Slow 1100mV 0C Model Hold 'clk'
Slack : 0.200
TNS   : 0.000

Type  : Slow 1100mV 0C Model Minimum Pulse Width 'clk'
Slack : -0.394
TNS   : -5.128

Type  : Fast 1100mV 85C Model Setup 'clk'
Slack : -1.989
TNS   : -1.989

Type  : Fast 1100mV 85C Model Hold 'clk'
Slack : 0.132
TNS   : 0.000

Type  : Fast 1100mV 85C Model Minimum Pulse Width 'clk'
Slack : -0.081
TNS   : -0.715

Type  : Fast 1100mV 0C Model Setup 'clk'
Slack : -1.685
TNS   : -1.685

Type  : Fast 1100mV 0C Model Hold 'clk'
Slack : 0.118
TNS   : 0.000

Type  : Fast 1100mV 0C Model Minimum Pulse Width 'clk'
Slack : -0.082
TNS   : -0.722

------------------------------------------------------------
